[probe_llm_connectivity] using direct connection (proxy bypassed)
[probe_llm_connectivity] using the project's default key (184e4ae5...)
[probe_llm_connectivity] OK status=200 body[:200]={"choices":[{"finish_reason":"length","index":0,"message":{"content":"","reasoning_content":"1.  **Analyze the Input","role":"assistant"}}],"created":1784200779,"id":"202607161919385f9ffd21fad44dbd","
[M3_SolverKQP] 108851_4d515b10_0007/neg_02 ...
[M3_SolverKQP] 100877_ac1e5a17_0017/neg_02 ...
[M3_SolverKQP] 100243_9fb796fe_0005/neg_03 ...
[M3_SolverKQP] 108851_4d515b10_0009/neg_03 ...
[M3_SolverKQP] 102525_06a3094b_0004/neg_01 ...
[M3_SolverKQP] 102410_f9877a7b_0012/neg_01 ...
[M3_SolverKQP] 102410_f9877a7b_0000/neg_01 ...
[M3_SolverKQP] 101817_b02acd9f_0001/neg_01 ...
[M3_SolverKQP] 102410_f9877a7b_0012/neg_02 ...
[M3_SolverKQP] 107668_cf76b132_0001/neg_02 ...
[M3_SolverKQP] 102410_f9877a7b_0000/neg_02 ...
[M3_SolverKQP] 104453_aba0f2d1_0006/neg_02 ...
[M3_SolverKQP] 101817_b02acd9f_0000/neg_03 ...
[M3_SolverKQP] 103284_e25015aa_0003/neg_03 ...
[M3_SolverKQP] 106323_77f22d29_0004/neg_01 ...
[M3_SolverKQP] 100243_9fb796fe_0006/neg_01 ...
[M3_SolverKQP] 101427_a9bcb09c_0001/neg_01 ...
[M3_SolverKQP] 102525_06a3094b_0000/neg_01 ...
[M3_SolverKQP] wrote 18 samples (0 errors); Success@3 = 0.000
