Discovered 138 perturbation pairs.
Already done (resume): 18; to run: 120.
  [1/120] 101427_a9bcb09c_0002/neg_01  op=E2_extrude_deep          layer=TypeA  -> verified=True (18.32s) L2=['pass', 'pass'] L3actual=['q_bbox_w'] L3missing=[] L3extras=[]
  [2/120] 101427_a9bcb09c_0002/neg_02  op=E1_envelope_u            layer=TypeA  -> verified=True (15.9s) L2=['pass', 'pass'] L3actual=['q_bbox_u'] L3missing=[] L3extras=[]
  [3/120] 101427_a9bcb09c_0002/neg_03  op=E1_envelope_v_shrink     layer=TypeA  -> verified=True (16.42s) L2=['pass', 'pass'] L3actual=['q_bbox_v'] L3missing=[] L3extras=[]
  [4/120] 101817_b02acd9f_0000/neg_01  op=E2_extrude_deep          layer=TypeA  -> verified=True (19.57s) L2=['pass', 'pass'] L3actual=['q_bbox_w'] L3missing=[] L3extras=[]
  [5/120] 101817_b02acd9f_0000/neg_02  op=E4_void_remove_one       layer=TypeA  -> verified=True (20.14s) L2=['pass', 'pass'] L3actual=['q_void_count'] L3missing=[] L3extras=[]
  [6/120] 101817_b02acd9f_0000/neg_03  op=E4_void_remove_one       layer=TypeA  -> verified=True (19.34s) L2=['pass', 'pass'] L3actual=['q_void_count'] L3missing=[] L3extras=[]
  [7/120] 101817_b02acd9f_0001/neg_01  op=E2_extrude_deep          layer=TypeA  -> verified=True (20.11s) L2=['pass', 'pass'] L3actual=['q_bbox_w'] L3missing=[] L3extras=[]
  [8/120] 101817_b02acd9f_0001/neg_02  op=E4_void_remove_one       layer=TypeA  -> verified=True (19.73s) L2=['pass', 'pass'] L3actual=['q_void_count'] L3missing=[] L3extras=[]
  [9/120] 101817_b02acd9f_0001/neg_03  op=E4_void_remove_one       layer=TypeA  -> verified=True (18.93s) L2=['pass', 'pass'] L3actual=['q_void_count'] L3missing=[] L3extras=[]
  [10/120] 101817_b02acd9f_0002/neg_01  op=E2_extrude_deep          layer=TypeA  -> verified=True (18.84s) L2=['pass', 'pass'] L3actual=['q_bbox_w'] L3missing=[] L3extras=[]
  [11/120] 101817_b02acd9f_0002/neg_02  op=E4_void_remove_one       layer=TypeA  -> verified=True (19.0s) L2=['pass', 'pass'] L3actual=['q_void_count'] L3missing=[] L3extras=[]
  [12/120] 101817_b02acd9f_0002/neg_03  op=E4_void_remove_one       layer=TypeA  -> verified=True (18.77s) L2=['pass', 'pass'] L3actual=['q_void_count'] L3missing=[] L3extras=[]
  [13/120] 101817_b02acd9f_0004/neg_01  op=E2_extrude_deep          layer=TypeA  -> verified=True (15.21s) L2=['pass', 'pass'] L3actual=['q_bbox_w'] L3missing=[] L3extras=[]
  [14/120] 101817_b02acd9f_0004/neg_02  op=E1_envelope_u            layer=TypeA  -> verified=True (15.47s) L2=['pass', 'pass'] L3actual=['q_bbox_u'] L3missing=[] L3extras=[]
  [15/120] 101817_b02acd9f_0004/neg_03  op=E1_envelope_v_shrink     layer=TypeA  -> verified=True (15.4s) L2=['pass', 'pass'] L3actual=['q_bbox_v'] L3missing=[] L3extras=[]
  [16/120] 102175_699d5e7c_0003/neg_01  op=E2_extrude_deep          layer=TypeA  -> verified=True (15.73s) L2=['pass', 'pass'] L3actual=['q_bbox_w'] L3missing=[] L3extras=[]
  [17/120] 102175_699d5e7c_0003/neg_02  op=E1_envelope_u            layer=TypeA  -> verified=True (15.06s) L2=['pass', 'pass'] L3actual=['q_bbox_u'] L3missing=[] L3extras=[]
  [18/120] 102175_699d5e7c_0003/neg_03  op=E1_envelope_v_shrink     layer=TypeA  -> verified=True (15.05s) L2=['pass', 'pass'] L3actual=['q_bbox_v'] L3missing=[] L3extras=[]
  [19/120] 102295_86f842dd_0000/neg_01  op=E2_extrude_deep          layer=TypeA  -> verified=True (284.12s) L2=['pass', 'pass'] L3actual=['q_bbox_w'] L3missing=[] L3extras=[]
  [20/120] 102295_86f842dd_0000/neg_02  op=E3_radius_up             layer=TypeA  -> verified=False (283.46s) L2=['pass', 'pass'] L3actual=['q_bbox_u', 'q_bbox_v', 'q_occt_valid'] L3missing=[] L3extras=['q_bbox_u', 'q_bbox_v', 'q_occt_valid']
  [21/120] 102295_86f842dd_0000/neg_03  op=E1_envelope_v_shrink     layer=TypeA  -> verified=False (18667.79s) L2=['pass', 'pass'] L3actual=['q_bbox_v', 'q_occt_valid'] L3missing=[] L3extras=['q_occt_valid']
  [22/120] 102314_91648bfc_0000/neg_01  op=E2_extrude_deep          layer=TypeA  -> verified=True (12.26s) L2=['pass', 'pass'] L3actual=['q_bbox_w'] L3missing=[] L3extras=[]
  [23/120] 102314_91648bfc_0000/neg_02  op=E3_radius_up             layer=TypeA  -> verified=False (11.84s) L2=['pass', 'pass'] L3actual=['q_bbox_u', 'q_bbox_v', 'q_outer_radius'] L3missing=[] L3extras=['q_bbox_u', 'q_bbox_v', 'q_outer_radius']
  [24/120] 102314_91648bfc_0000/neg_03  op=E6_inner_gt_outer        layer=TypeA  -> verified=False (11.94s) L2=['pass', 'pass'] L3actual=[] L3missing=['q_is_solid', 'q_occt_valid'] L3extras=[]
  [25/120] 102410_f9877a7b_0000/neg_01  op=E2_extrude_deep          layer=TypeA  -> verified=True (12.39s) L2=['pass', 'pass'] L3actual=['q_bbox_w'] L3missing=[] L3extras=[]
  [26/120] 102410_f9877a7b_0000/neg_02  op=E3_radius_up             layer=TypeA  -> verified=False (12.54s) L2=['pass', 'pass'] L3actual=['q_bbox_u', 'q_bbox_v', 'q_outer_radius'] L3missing=[] L3extras=['q_bbox_u', 'q_bbox_v', 'q_outer_radius']
  [27/120] 102410_f9877a7b_0000/neg_03  op=E6_inner_gt_outer        layer=TypeA  -> verified=False (11.81s) L2=['pass', 'pass'] L3actual=[] L3missing=['q_is_solid', 'q_occt_valid'] L3extras=[]
  [28/120] 102410_f9877a7b_0012/neg_01  op=E2_extrude_deep          layer=TypeA  -> verified=True (11.71s) L2=['pass', 'pass'] L3actual=['q_bbox_w'] L3missing=[] L3extras=[]
  [29/120] 102410_f9877a7b_0012/neg_02  op=E3_radius_up             layer=TypeA  -> verified=False (12.31s) L2=['pass', 'pass'] L3actual=['q_bbox_u', 'q_bbox_v', 'q_outer_radius'] L3missing=[] L3extras=['q_bbox_u', 'q_bbox_v', 'q_outer_radius']
  [30/120] 102410_f9877a7b_0012/neg_03  op=E6_inner_gt_outer        layer=TypeA  -> verified=False (12.39s) L2=['pass', 'pass'] L3actual=[] L3missing=['q_is_solid', 'q_occt_valid'] L3extras=[]
  [31/120] 102525_06a3094b_0000/neg_01  op=E2_extrude_deep          layer=TypeA  -> verified=True (14.91s) L2=['pass', 'pass'] L3actual=['q_bbox_w'] L3missing=[] L3extras=[]
  [32/120] 102525_06a3094b_0000/neg_02  op=E1_envelope_u            layer=TypeA  -> verified=True (21.79s) L2=['pass', 'pass'] L3actual=['q_bbox_u'] L3missing=[] L3extras=[]
  [33/120] 102525_06a3094b_0000/neg_03  op=E1_envelope_v_shrink     layer=TypeA  -> verified=True (14.49s) L2=['pass', 'pass'] L3actual=['q_bbox_v'] L3missing=[] L3extras=[]
  [34/120] 102525_06a3094b_0004/neg_01  op=E2_extrude_deep          layer=TypeA  -> verified=True (14.77s) L2=['pass', 'pass'] L3actual=['q_bbox_w'] L3missing=[] L3extras=[]
  [35/120] 102525_06a3094b_0004/neg_02  op=E1_envelope_u            layer=TypeA  -> verified=True (14.45s) L2=['pass', 'pass'] L3actual=['q_bbox_u'] L3missing=[] L3extras=[]
  [36/120] 102525_06a3094b_0004/neg_03  op=E1_envelope_v_shrink     layer=TypeA  -> verified=True (14.82s) L2=['pass', 'pass'] L3actual=['q_bbox_v'] L3missing=[] L3extras=[]
  [37/120] 102525_06a3094b_0006/neg_01  op=E2_extrude_deep          layer=TypeA  -> verified=True (14.57s) L2=['pass', 'pass'] L3actual=['q_bbox_w'] L3missing=[] L3extras=[]
  [38/120] 102525_06a3094b_0006/neg_02  op=E1_envelope_u            layer=TypeA  -> verified=True (14.33s) L2=['pass', 'pass'] L3actual=['q_bbox_u'] L3missing=[] L3extras=[]
  [39/120] 102525_06a3094b_0006/neg_03  op=E1_envelope_v_shrink     layer=TypeA  -> verified=True (14.65s) L2=['pass', 'pass'] L3actual=['q_bbox_v'] L3missing=[] L3extras=[]
  [40/120] 102760_26430589_0037/neg_01  op=E2_extrude_deep          layer=TypeA  -> verified=True (10.8s) L2=['pass', 'pass'] L3actual=['q_bbox_w'] L3missing=[] L3extras=[]
  [41/120] 102760_26430589_0037/neg_02  op=E3_radius_up             layer=TypeA  -> verified=False (11.38s) L2=['pass', 'pass'] L3actual=['q_bbox_u', 'q_bbox_v', 'q_radius'] L3missing=[] L3extras=['q_bbox_u', 'q_bbox_v', 'q_radius']
  [42/120] 102760_26430589_0037/neg_03  op=E4_void_add              layer=TypeA  -> verified=False (10.6s) L2=['pass', 'pass'] L3actual=['q_radius'] L3missing=['q_void_count'] L3extras=['q_radius']
  [43/120] 103284_e25015aa_0003/neg_01  op=E2_extrude_deep          layer=TypeA  -> verified=True (10.61s) L2=['pass', 'pass'] L3actual=['q_bbox_w'] L3missing=[] L3extras=[]
  [44/120] 103284_e25015aa_0003/neg_02  op=E3_radius_up             layer=TypeA  -> verified=False (10.26s) L2=['pass', 'pass'] L3actual=['q_bbox_u', 'q_bbox_v', 'q_radius'] L3missing=[] L3extras=['q_bbox_u', 'q_bbox_v', 'q_radius']
  [45/120] 103284_e25015aa_0003/neg_03  op=E4_void_add              layer=TypeA  -> verified=False (10.36s) L2=['pass', 'pass'] L3actual=['q_radius'] L3missing=['q_void_count'] L3extras=['q_radius']
  [46/120] 103284_e25015aa_0004/neg_01  op=E2_extrude_deep          layer=TypeA  -> verified=True (10.57s) L2=['pass', 'pass'] L3actual=['q_bbox_w'] L3missing=[] L3extras=[]
  [47/120] 103284_e25015aa_0004/neg_02  op=E3_radius_up             layer=TypeA  -> verified=False (10.74s) L2=['pass', 'pass'] L3actual=['q_bbox_u', 'q_bbox_v', 'q_radius'] L3missing=[] L3extras=['q_bbox_u', 'q_bbox_v', 'q_radius']
  [48/120] 103284_e25015aa_0004/neg_03  op=E4_void_add              layer=TypeA  -> verified=False (19.61s) L2=['pass', 'pass'] L3actual=['q_radius'] L3missing=['q_void_count'] L3extras=['q_radius']
  [49/120] 103481_b27a1cdf_0010/neg_01  op=E2_extrude_deep          layer=TypeA  -> verified=True (13.38s) L2=['pass', 'pass'] L3actual=['q_bbox_w'] L3missing=[] L3extras=[]
  [50/120] 103481_b27a1cdf_0010/neg_02  op=E1_envelope_u            layer=TypeA  -> verified=True (14.33s) L2=['pass', 'pass'] L3actual=['q_bbox_u'] L3missing=[] L3extras=[]
  [51/120] 103481_b27a1cdf_0010/neg_03  op=E1_envelope_v_shrink     layer=TypeA  -> verified=True (14.52s) L2=['pass', 'pass'] L3actual=['q_bbox_v'] L3missing=[] L3extras=[]
  [52/120] 104283_e5646f96_0000/neg_01  op=E2_extrude_deep          layer=TypeA  -> verified=True (10.88s) L2=['pass', 'pass'] L3actual=['q_bbox_w'] L3missing=[] L3extras=[]
  [53/120] 104283_e5646f96_0000/neg_02  op=E3_radius_up             layer=TypeA  -> verified=False (11.45s) L2=['pass', 'pass'] L3actual=['q_bbox_u', 'q_bbox_v', 'q_radius'] L3missing=[] L3extras=['q_bbox_u', 'q_bbox_v', 'q_radius']
  [54/120] 104283_e5646f96_0000/neg_03  op=E4_void_add              layer=TypeA  -> verified=False (10.91s) L2=['pass', 'pass'] L3actual=['q_radius'] L3missing=['q_void_count'] L3extras=['q_radius']
  [55/120] 104283_e5646f96_0001/neg_01  op=E2_extrude_deep          layer=TypeA  -> verified=True (13.63s) L2=['pass', 'pass'] L3actual=['q_bbox_w'] L3missing=[] L3extras=[]
  [56/120] 104283_e5646f96_0001/neg_02  op=E1_envelope_u            layer=TypeA  -> verified=False (14.03s) L2=['pass', 'pass'] L3actual=[] L3missing=['q_bbox_u'] L3extras=[]
  [57/120] 104283_e5646f96_0001/neg_03  op=E1_envelope_v_shrink     layer=TypeA  -> verified=False (14.49s) L2=['pass', 'pass'] L3actual=[] L3missing=['q_bbox_v'] L3extras=[]
  [58/120] 104453_aba0f2d1_0002/neg_01  op=E2_extrude_deep          layer=TypeA  -> verified=True (243.85s) L2=['pass', 'pass'] L3actual=['q_bbox_w'] L3missing=[] L3extras=[]
  [59/120] 104453_aba0f2d1_0002/neg_02  op=E3_radius_up             layer=TypeA  -> verified=False (242.42s) L2=['pass', 'pass'] L3actual=['q_bbox_u', 'q_bbox_v', 'q_occt_valid'] L3missing=[] L3extras=['q_bbox_u', 'q_bbox_v', 'q_occt_valid']
  [60/120] 104453_aba0f2d1_0002/neg_03  op=E1_envelope_v_shrink     layer=TypeA  -> verified=False (257.84s) L2=['pass', 'pass'] L3actual=['q_bbox_v', 'q_occt_valid'] L3missing=[] L3extras=['q_occt_valid']
  [61/120] 104453_aba0f2d1_0006/neg_01  op=E2_extrude_deep          layer=TypeA  -> verified=True (18.41s) L2=['pass', 'pass'] L3actual=['q_bbox_w'] L3missing=[] L3extras=[]
  [62/120] 104453_aba0f2d1_0006/neg_02  op=E4_void_remove_one       layer=TypeA  -> verified=True (17.76s) L2=['pass', 'pass'] L3actual=['q_void_count'] L3missing=[] L3extras=[]
  [63/120] 104453_aba0f2d1_0006/neg_03  op=E4_void_remove_one       layer=TypeA  -> verified=True (19.04s) L2=['pass', 'pass'] L3actual=['q_void_count'] L3missing=[] L3extras=[]
  [64/120] 104524_f829aab2_0001/neg_01  op=E2_extrude_deep          layer=TypeA  -> verified=True (10.71s) L2=['pass', 'pass'] L3actual=['q_bbox_w'] L3missing=[] L3extras=[]
  [65/120] 104524_f829aab2_0001/neg_02  op=E3_radius_up             layer=TypeA  -> verified=False (10.52s) L2=['pass', 'pass'] L3actual=['q_bbox_u', 'q_bbox_v', 'q_radius'] L3missing=[] L3extras=['q_bbox_u', 'q_bbox_v', 'q_radius']
  [66/120] 104524_f829aab2_0001/neg_03  op=E4_void_add              layer=TypeA  -> verified=False (10.79s) L2=['pass', 'pass'] L3actual=['q_radius'] L3missing=['q_void_count'] L3extras=['q_radius']
  [67/120] 105278_909f3813_0000/neg_01  op=E2_extrude_deep          layer=TypeA  -> verified=True (14.66s) L2=['pass', 'pass'] L3actual=['q_bbox_w'] L3missing=[] L3extras=[]
  [68/120] 105278_909f3813_0000/neg_02  op=E1_envelope_u            layer=TypeA  -> verified=True (11.25s) L2=['pass', 'pass'] L3actual=['q_bbox_u'] L3missing=[] L3extras=[]
  [69/120] 105278_909f3813_0000/neg_03  op=E1_envelope_v_shrink     layer=TypeA  -> verified=True (14.69s) L2=['pass', 'pass'] L3actual=['q_bbox_v'] L3missing=[] L3extras=[]
  [70/120] 106323_77f22d29_0004/neg_01  op=E5_extent_type_change    layer=TypeA  -> verified=False (12.88s) L2=['pass', 'pass'] L3actual=['q_bbox_w'] L3missing=['q_symmetric_about_plane'] L3extras=[]
  [71/120] 106323_77f22d29_0004/neg_02  op=E3_radius_up             layer=TypeA  -> verified=False (12.93s) L2=['pass', 'pass'] L3actual=['q_bbox_u', 'q_bbox_v', 'q_outer_radius'] L3missing=[] L3extras=['q_bbox_u', 'q_bbox_v', 'q_outer_radius']
  [72/120] 106323_77f22d29_0004/neg_03  op=E2_extrude_shallow       layer=TypeA  -> verified=True (12.88s) L2=['pass', 'pass'] L3actual=['q_bbox_w'] L3missing=[] L3extras=[]
  [73/120] 106817_bb28b7aa_0002/neg_01  op=E2_extrude_deep          layer=TypeA  -> verified=True (11.75s) L2=['pass', 'pass'] L3actual=['q_bbox_w'] L3missing=[] L3extras=[]
  [74/120] 106817_bb28b7aa_0002/neg_02  op=E3_radius_up             layer=TypeA  -> verified=False (11.33s) L2=['pass', 'pass'] L3actual=['q_bbox_u', 'q_bbox_v', 'q_radius'] L3missing=[] L3extras=['q_bbox_u', 'q_bbox_v', 'q_radius']
  [75/120] 106817_bb28b7aa_0002/neg_03  op=E4_void_add              layer=TypeA  -> verified=False (11.67s) L2=['pass', 'pass'] L3actual=['q_radius'] L3missing=['q_void_count'] L3extras=['q_radius']
  [76/120] 106817_bb28b7aa_0003/neg_01  op=E2_extrude_deep          layer=TypeA  -> verified=True (12.07s) L2=['pass', 'pass'] L3actual=['q_bbox_w'] L3missing=[] L3extras=[]
  [77/120] 106817_bb28b7aa_0003/neg_02  op=E3_radius_up             layer=TypeA  -> verified=False (11.73s) L2=['pass', 'pass'] L3actual=['q_bbox_u', 'q_bbox_v', 'q_radius'] L3missing=[] L3extras=['q_bbox_u', 'q_bbox_v', 'q_radius']
  [78/120] 106817_bb28b7aa_0003/neg_03  op=E4_void_add              layer=TypeA  -> verified=False (11.61s) L2=['pass', 'pass'] L3actual=['q_radius'] L3missing=['q_void_count'] L3extras=['q_radius']
  [79/120] 106817_bb28b7aa_0004/neg_01  op=E2_extrude_deep          layer=TypeA  -> verified=True (12.8s) L2=['pass', 'pass'] L3actual=['q_bbox_w'] L3missing=[] L3extras=[]
  [80/120] 106817_bb28b7aa_0004/neg_02  op=E3_radius_up             layer=TypeA  -> verified=False (12.88s) L2=['pass', 'pass'] L3actual=['q_bbox_u', 'q_bbox_v', 'q_outer_radius'] L3missing=[] L3extras=['q_bbox_u', 'q_bbox_v', 'q_outer_radius']
  [81/120] 106817_bb28b7aa_0004/neg_03  op=E6_inner_gt_outer        layer=TypeA  -> verified=False (12.38s) L2=['pass', 'pass'] L3actual=[] L3missing=['q_is_solid', 'q_occt_valid'] L3extras=[]
  [82/120] 107055_0500fdd1_0027/neg_01  op=E2_extrude_deep          layer=TypeA  -> verified=True (13.42s) L2=['pass', 'pass'] L3actual=['q_bbox_w'] L3missing=[] L3extras=[]
  [83/120] 107055_0500fdd1_0027/neg_02  op=E3_radius_up             layer=TypeA  -> verified=False (12.58s) L2=['pass', 'pass'] L3actual=['q_bbox_u', 'q_bbox_v', 'q_outer_radius'] L3missing=[] L3extras=['q_bbox_u', 'q_bbox_v', 'q_outer_radius']
  [84/120] 107055_0500fdd1_0027/neg_03  op=E6_inner_gt_outer        layer=TypeA  -> verified=False (13.09s) L2=['pass', 'pass'] L3actual=[] L3missing=['q_is_solid', 'q_occt_valid'] L3extras=[]
  [85/120] 107467_a8afc51d_0000/neg_01  op=E2_extrude_deep          layer=TypeA  -> verified=True (10.77s) L2=['pass', 'pass'] L3actual=['q_bbox_w'] L3missing=[] L3extras=[]
  [86/120] 107467_a8afc51d_0000/neg_02  op=E3_radius_up             layer=TypeA  -> verified=False (22.22s) L2=['pass', 'pass'] L3actual=['q_bbox_u', 'q_bbox_v', 'q_radius'] L3missing=[] L3extras=['q_bbox_u', 'q_bbox_v', 'q_radius']
  [87/120] 107467_a8afc51d_0000/neg_03  op=E4_void_add              layer=TypeA  -> verified=False (12.01s) L2=['pass', 'pass'] L3actual=['q_radius'] L3missing=['q_void_count'] L3extras=['q_radius']
  [88/120] 107467_a8afc51d_0002/neg_01  op=E2_extrude_deep          layer=TypeA  -> verified=True (12.15s) L2=['pass', 'pass'] L3actual=['q_bbox_w'] L3missing=[] L3extras=[]
  [89/120] 107467_a8afc51d_0002/neg_02  op=E3_radius_up             layer=TypeA  -> verified=False (11.84s) L2=['pass', 'pass'] L3actual=['q_bbox_u', 'q_bbox_v', 'q_radius'] L3missing=[] L3extras=['q_bbox_u', 'q_bbox_v', 'q_radius']
  [90/120] 107467_a8afc51d_0002/neg_03  op=E4_void_add              layer=TypeA  -> verified=False (12.1s) L2=['pass', 'pass'] L3actual=['q_radius'] L3missing=['q_void_count'] L3extras=['q_radius']
  [91/120] 107668_cf76b132_0001/neg_01  op=E2_extrude_deep          layer=TypeA  -> verified=True (13.99s) L2=['pass', 'pass'] L3actual=['q_bbox_w'] L3missing=[] L3extras=[]
  [92/120] 107668_cf76b132_0001/neg_02  op=E3_radius_up             layer=TypeA  -> verified=False (13.96s) L2=['pass', 'pass'] L3actual=['q_bbox_u', 'q_bbox_v', 'q_outer_radius'] L3missing=[] L3extras=['q_bbox_u', 'q_bbox_v', 'q_outer_radius']
  [93/120] 107668_cf76b132_0001/neg_03  op=E6_inner_gt_outer        layer=TypeA  -> verified=False (13.25s) L2=['pass', 'pass'] L3actual=[] L3missing=['q_is_solid', 'q_occt_valid'] L3extras=[]
  [94/120] 108244_329b1876_0000/neg_01  op=E2_extrude_deep          layer=TypeA  -> verified=True (16.03s) L2=['pass', 'pass'] L3actual=['q_bbox_w'] L3missing=[] L3extras=[]
  [95/120] 108244_329b1876_0000/neg_02  op=E1_envelope_u            layer=TypeA  -> verified=True (16.38s) L2=['pass', 'pass'] L3actual=['q_bbox_u'] L3missing=[] L3extras=[]
  [96/120] 108244_329b1876_0000/neg_03  op=E1_envelope_v_shrink     layer=TypeA  -> verified=True (16.36s) L2=['pass', 'pass'] L3actual=['q_bbox_v'] L3missing=[] L3extras=[]
  [97/120] 108412_8de2f9c3_0000/neg_01  op=E2_extrude_deep          layer=TypeA  -> verified=True (15.9s) L2=['pass', 'pass'] L3actual=['q_bbox_w'] L3missing=[] L3extras=[]
  [98/120] 108412_8de2f9c3_0000/neg_02  op=E1_envelope_u            layer=TypeA  -> verified=True (15.82s) L2=['pass', 'pass'] L3actual=['q_bbox_u'] L3missing=[] L3extras=[]
  [99/120] 108412_8de2f9c3_0000/neg_03  op=E1_envelope_v_shrink     layer=TypeA  -> verified=True (15.21s) L2=['pass', 'pass'] L3actual=['q_bbox_v'] L3missing=[] L3extras=[]
  [100/120] 108850_0dcd5ef1_0002/neg_01  op=E2_extrude_deep          layer=TypeA  -> verified=True (25.24s) L2=['pass', 'pass'] L3actual=['q_bbox_w'] L3missing=[] L3extras=[]
  [101/120] 108850_0dcd5ef1_0002/neg_02  op=E1_envelope_u            layer=TypeA  -> verified=True (16.19s) L2=['pass', 'pass'] L3actual=['q_bbox_u'] L3missing=[] L3extras=[]
  [102/120] 108850_0dcd5ef1_0002/neg_03  op=E1_envelope_v_shrink     layer=TypeA  -> verified=True (16.32s) L2=['pass', 'pass'] L3actual=['q_bbox_v'] L3missing=[] L3extras=[]
  [103/120] 108850_0dcd5ef1_0004/neg_01  op=E2_extrude_deep          layer=TypeA  -> verified=False (16.03s) L2=['pass', 'fail'] L3actual=[] L3missing=['q_bbox_w'] L3extras=[]
  [104/120] 108850_0dcd5ef1_0004/neg_02  op=E1_envelope_u            layer=TypeA  -> verified=False (16.15s) L2=['pass', 'fail'] L3actual=[] L3missing=['q_bbox_u'] L3extras=[]
  [105/120] 108850_0dcd5ef1_0004/neg_03  op=E1_envelope_v_shrink     layer=TypeA  -> verified=False (16.48s) L2=['pass', 'fail'] L3actual=['q_bbox_v'] L3missing=[] L3extras=[]
  [106/120] 108851_4d515b10_0005/neg_01  op=E2_extrude_deep          layer=TypeA  -> verified=False (15.98s) L2=['pass', 'fail'] L3actual=[] L3missing=['q_bbox_w'] L3extras=[]
  [107/120] 108851_4d515b10_0005/neg_02  op=E1_envelope_u            layer=TypeA  -> verified=False (16.23s) L2=['pass', 'fail'] L3actual=[] L3missing=['q_bbox_u'] L3extras=[]
  [108/120] 108851_4d515b10_0005/neg_03  op=E1_envelope_v_shrink     layer=TypeA  -> verified=False (16.17s) L2=['pass', 'fail'] L3actual=['q_bbox_v'] L3missing=[] L3extras=[]
  [109/120] 108851_4d515b10_0006/neg_01  op=E2_extrude_deep          layer=TypeA  -> verified=False (16.11s) L2=['pass', 'fail'] L3actual=[] L3missing=['q_bbox_w'] L3extras=[]
  [110/120] 108851_4d515b10_0006/neg_02  op=E1_envelope_u            layer=TypeA  -> verified=False (15.87s) L2=['pass', 'fail'] L3actual=[] L3missing=['q_bbox_u'] L3extras=[]
  [111/120] 108851_4d515b10_0006/neg_03  op=E1_envelope_v_shrink     layer=TypeA  -> verified=False (15.66s) L2=['pass', 'fail'] L3actual=['q_bbox_v'] L3missing=[] L3extras=[]
  [112/120] 108851_4d515b10_0007/neg_01  op=E2_extrude_deep          layer=TypeA  -> verified=True (7424.09s) L2=['pass', 'pass'] L3actual=['q_bbox_w'] L3missing=[] L3extras=[]
  [113/120] 108851_4d515b10_0007/neg_02  op=E1_envelope_u            layer=TypeA  -> verified=True (23.07s) L2=['pass', 'pass'] L3actual=['q_bbox_u'] L3missing=[] L3extras=[]
  [114/120] 108851_4d515b10_0007/neg_03  op=E1_envelope_v_shrink     layer=TypeA  -> verified=True (16.36s) L2=['pass', 'pass'] L3actual=['q_bbox_v'] L3missing=[] L3extras=[]
  [115/120] 108851_4d515b10_0009/neg_01  op=E2_extrude_deep          layer=TypeA  -> verified=True (15.09s) L2=['pass', 'pass'] L3actual=['q_bbox_w'] L3missing=[] L3extras=[]
  [116/120] 108851_4d515b10_0009/neg_02  op=E1_envelope_u            layer=TypeA  -> verified=True (14.72s) L2=['pass', 'pass'] L3actual=['q_bbox_u'] L3missing=[] L3extras=[]
  [117/120] 108851_4d515b10_0009/neg_03  op=E1_envelope_v_shrink     layer=TypeA  -> verified=True (14.14s) L2=['pass', 'pass'] L3actual=['q_bbox_v'] L3missing=[] L3extras=[]
  [118/120] 108852_fed54702_0004/neg_01  op=E2_extrude_deep          layer=TypeA  -> verified=False (10.91s) L2=['pass', 'fail'] L3actual=[] L3missing=['q_bbox_w'] L3extras=[]
  [119/120] 108852_fed54702_0004/neg_02  op=E3_radius_up             layer=TypeA  -> verified=False (11.42s) L2=['pass', 'fail'] L3actual=['q_bbox_u', 'q_radius'] L3missing=[] L3extras=['q_bbox_u', 'q_radius']
  [120/120] 108852_fed54702_0004/neg_03  op=E4_void_add              layer=TypeA  -> verified=False (11.08s) L2=['pass', 'fail'] L3actual=['q_radius'] L3missing=['q_void_count'] L3extras=['q_radius']

============================================================
Done. 120 trials; verified=70; failed=50.
Pass per layer: {'TypeA': 70}  Fail per layer: {'TypeA': 50}
Manifest: D:\PythonProgramming\CAD Generation\Constraint-grounded agentic CAD generation\子课题1-Solver-Kernel双反馈闭环驱动的CAD生成质量提升研究\experiments\phase2b_triplets\_manifest.json
