Discovered 138 perturbation pairs.
Already done (verified, resume): 84; to run (incl. retry): 54.
  [1/54] 102295_86f842dd_0000/neg_02  op=E3_radius_up             layer=TypeA  -> verified=True (253.39s) L2=['pass', 'pass'] L3actual=['q_bbox_u', 'q_bbox_v', 'q_occt_valid'] L3missing=[] L3extras=[]
  [2/54] 102295_86f842dd_0000/neg_03  op=E1_envelope_v_shrink     layer=TypeA  -> verified=False (20717.4s) L2=['pass', 'pass'] L3actual=['q_bbox_v', 'q_occt_valid'] L3missing=[] L3extras=['q_occt_valid']
  [3/54] 102314_91648bfc_0000/neg_02  op=E3_radius_up             layer=TypeA  -> verified=True (13.27s) L2=['pass', 'pass'] L3actual=['q_bbox_u', 'q_bbox_v', 'q_outer_radius'] L3missing=[] L3extras=['q_outer_radius']
  [4/54] 102314_91648bfc_0000/neg_03  op=E6_inner_gt_outer        layer=TypeA  -> verified=False (12.2s) L2=['pass', 'pass'] L3actual=[] L3missing=['q_is_solid', 'q_occt_valid'] L3extras=[]
  [5/54] 102410_f9877a7b_0000/neg_02  op=E3_radius_up             layer=TypeA  -> verified=True (12.25s) L2=['pass', 'pass'] L3actual=['q_bbox_u', 'q_bbox_v', 'q_outer_radius'] L3missing=[] L3extras=['q_outer_radius']
  [6/54] 102410_f9877a7b_0000/neg_03  op=E6_inner_gt_outer        layer=TypeA  -> verified=False (14.75s) L2=['pass', 'pass'] L3actual=[] L3missing=['q_is_solid', 'q_occt_valid'] L3extras=[]
  [7/54] 102410_f9877a7b_0012/neg_02  op=E3_radius_up             layer=TypeA  -> verified=True (19.77s) L2=['pass', 'pass'] L3actual=['q_bbox_u', 'q_bbox_v', 'q_outer_radius'] L3missing=[] L3extras=['q_outer_radius']
  [8/54] 102410_f9877a7b_0012/neg_03  op=E6_inner_gt_outer        layer=TypeA  -> verified=False (14.13s) L2=['pass', 'pass'] L3actual=[] L3missing=['q_is_solid', 'q_occt_valid'] L3extras=[]
  [9/54] 102760_26430589_0037/neg_02  op=E3_radius_up             layer=TypeA  -> verified=True (10.65s) L2=['pass', 'pass'] L3actual=['q_bbox_u', 'q_bbox_v', 'q_radius'] L3missing=[] L3extras=['q_radius']
  [10/54] 102760_26430589_0037/neg_03  op=E4_void_add              layer=TypeA  -> verified=False (10.53s) L2=['pass', 'pass'] L3actual=['q_radius'] L3missing=[] L3extras=['q_radius']
  [11/54] 103284_e25015aa_0003/neg_02  op=E3_radius_up             layer=TypeA  -> verified=True (10.32s) L2=['pass', 'pass'] L3actual=['q_bbox_u', 'q_bbox_v', 'q_radius'] L3missing=[] L3extras=['q_radius']
  [12/54] 103284_e25015aa_0003/neg_03  op=E4_void_add              layer=TypeA  -> verified=False (10.77s) L2=['pass', 'pass'] L3actual=['q_radius'] L3missing=[] L3extras=['q_radius']
  [13/54] 103284_e25015aa_0004/neg_02  op=E3_radius_up             layer=TypeA  -> verified=True (10.75s) L2=['pass', 'pass'] L3actual=['q_bbox_u', 'q_bbox_v', 'q_radius'] L3missing=[] L3extras=['q_radius']
  [14/54] 103284_e25015aa_0004/neg_03  op=E4_void_add              layer=TypeA  -> verified=False (10.59s) L2=['pass', 'pass'] L3actual=['q_radius'] L3missing=[] L3extras=['q_radius']
  [15/54] 104283_e5646f96_0000/neg_02  op=E3_radius_up             layer=TypeA  -> verified=True (10.85s) L2=['pass', 'pass'] L3actual=['q_bbox_u', 'q_bbox_v', 'q_radius'] L3missing=[] L3extras=['q_radius']
  [16/54] 104283_e5646f96_0000/neg_03  op=E4_void_add              layer=TypeA  -> verified=False (10.44s) L2=['pass', 'pass'] L3actual=['q_radius'] L3missing=[] L3extras=['q_radius']
  [17/54] 104283_e5646f96_0001/neg_02  op=E1_envelope_u            layer=TypeA  -> verified=False (13.72s) L2=['pass', 'pass'] L3actual=[] L3missing=[] L3extras=[]
  [18/54] 104283_e5646f96_0001/neg_03  op=E1_envelope_v_shrink     layer=TypeA  -> verified=False (13.69s) L2=['pass', 'pass'] L3actual=[] L3missing=[] L3extras=[]
  [19/54] 104453_aba0f2d1_0002/neg_02  op=E3_radius_up             layer=TypeA  -> verified=True (209.31s) L2=['pass', 'pass'] L3actual=['q_bbox_u', 'q_bbox_v', 'q_occt_valid'] L3missing=[] L3extras=[]
  [20/54] 104453_aba0f2d1_0002/neg_03  op=E1_envelope_v_shrink     layer=TypeA  -> verified=False (175.21s) L2=['pass', 'pass'] L3actual=['q_bbox_v', 'q_occt_valid'] L3missing=[] L3extras=['q_occt_valid']
  [21/54] 104524_f829aab2_0001/neg_02  op=E3_radius_up             layer=TypeA  -> verified=True (10.23s) L2=['pass', 'pass'] L3actual=['q_bbox_u', 'q_bbox_v', 'q_radius'] L3missing=[] L3extras=['q_radius']
  [22/54] 104524_f829aab2_0001/neg_03  op=E4_void_add              layer=TypeA  -> verified=False (9.77s) L2=['pass', 'pass'] L3actual=['q_radius'] L3missing=[] L3extras=['q_radius']
  [23/54] 106323_77f22d29_0004/neg_01  op=E5_extent_type_change    layer=TypeA  -> verified=False (10.16s) L2=['pass', 'pass'] L3actual=['q_bbox_w'] L3missing=[] L3extras=[]
  [24/54] 106323_77f22d29_0004/neg_02  op=E3_radius_up             layer=TypeA  -> verified=True (11.17s) L2=['pass', 'pass'] L3actual=['q_bbox_u', 'q_bbox_v', 'q_outer_radius'] L3missing=[] L3extras=['q_outer_radius']
  [25/54] 106817_bb28b7aa_0002/neg_02  op=E3_radius_up             layer=TypeA  -> verified=True (9.81s) L2=['pass', 'pass'] L3actual=['q_bbox_u', 'q_bbox_v', 'q_radius'] L3missing=[] L3extras=['q_radius']
  [26/54] 106817_bb28b7aa_0002/neg_03  op=E4_void_add              layer=TypeA  -> verified=False (9.41s) L2=['pass', 'pass'] L3actual=['q_radius'] L3missing=[] L3extras=['q_radius']
  [27/54] 106817_bb28b7aa_0003/neg_02  op=E3_radius_up             layer=TypeA  -> verified=True (10.08s) L2=['pass', 'pass'] L3actual=['q_bbox_u', 'q_bbox_v', 'q_radius'] L3missing=[] L3extras=['q_radius']
  [28/54] 106817_bb28b7aa_0003/neg_03  op=E4_void_add              layer=TypeA  -> verified=False (9.88s) L2=['pass', 'pass'] L3actual=['q_radius'] L3missing=[] L3extras=['q_radius']
  [29/54] 106817_bb28b7aa_0004/neg_02  op=E3_radius_up             layer=TypeA  -> verified=True (10.57s) L2=['pass', 'pass'] L3actual=['q_bbox_u', 'q_bbox_v', 'q_outer_radius'] L3missing=[] L3extras=['q_outer_radius']
  [30/54] 106817_bb28b7aa_0004/neg_03  op=E6_inner_gt_outer        layer=TypeA  -> verified=False (10.21s) L2=['pass', 'pass'] L3actual=[] L3missing=['q_is_solid', 'q_occt_valid'] L3extras=[]
  [31/54] 107055_0500fdd1_0027/neg_02  op=E3_radius_up             layer=TypeA  -> verified=True (11.24s) L2=['pass', 'pass'] L3actual=['q_bbox_u', 'q_bbox_v', 'q_outer_radius'] L3missing=[] L3extras=['q_outer_radius']
  [32/54] 107055_0500fdd1_0027/neg_03  op=E6_inner_gt_outer        layer=TypeA  -> verified=False (10.67s) L2=['pass', 'pass'] L3actual=[] L3missing=['q_is_solid', 'q_occt_valid'] L3extras=[]
  [33/54] 107467_a8afc51d_0000/neg_02  op=E3_radius_up             layer=TypeA  -> verified=True (9.73s) L2=['pass', 'pass'] L3actual=['q_bbox_u', 'q_bbox_v', 'q_radius'] L3missing=[] L3extras=['q_radius']
  [34/54] 107467_a8afc51d_0000/neg_03  op=E4_void_add              layer=TypeA  -> verified=False (9.84s) L2=['pass', 'pass'] L3actual=['q_radius'] L3missing=[] L3extras=['q_radius']
  [35/54] 107467_a8afc51d_0002/neg_02  op=E3_radius_up             layer=TypeA  -> verified=True (9.52s) L2=['pass', 'pass'] L3actual=['q_bbox_u', 'q_bbox_v', 'q_radius'] L3missing=[] L3extras=['q_radius']
  [36/54] 107467_a8afc51d_0002/neg_03  op=E4_void_add              layer=TypeA  -> verified=False (9.75s) L2=['pass', 'pass'] L3actual=['q_radius'] L3missing=[] L3extras=['q_radius']
  [37/54] 107668_cf76b132_0001/neg_02  op=E3_radius_up             layer=TypeA  -> verified=True (11.06s) L2=['pass', 'pass'] L3actual=['q_bbox_u', 'q_bbox_v', 'q_outer_radius'] L3missing=[] L3extras=['q_outer_radius']
  [38/54] 107668_cf76b132_0001/neg_03  op=E6_inner_gt_outer        layer=TypeA  -> verified=False (10.73s) L2=['pass', 'pass'] L3actual=[] L3missing=['q_is_solid', 'q_occt_valid'] L3extras=[]
  [39/54] 108850_0dcd5ef1_0004/neg_01  op=E2_extrude_deep          layer=TypeA  -> verified=False (12.66s) L2=['pass', 'fail'] L3actual=[] L3missing=['q_bbox_w'] L3extras=[]
  [40/54] 108850_0dcd5ef1_0004/neg_02  op=E1_envelope_u            layer=TypeA  -> verified=False (12.44s) L2=['pass', 'fail'] L3actual=[] L3missing=['q_bbox_u'] L3extras=[]
  [41/54] 108850_0dcd5ef1_0004/neg_03  op=E1_envelope_v_shrink     layer=TypeA  -> verified=False (12.88s) L2=['pass', 'fail'] L3actual=['q_bbox_v'] L3missing=[] L3extras=[]
  [42/54] 108851_4d515b10_0005/neg_01  op=E2_extrude_deep          layer=TypeA  -> verified=False (12.64s) L2=['pass', 'fail'] L3actual=[] L3missing=['q_bbox_w'] L3extras=[]
  [43/54] 108851_4d515b10_0005/neg_02  op=E1_envelope_u            layer=TypeA  -> verified=False (12.64s) L2=['pass', 'fail'] L3actual=[] L3missing=['q_bbox_u'] L3extras=[]
  [44/54] 108851_4d515b10_0005/neg_03  op=E1_envelope_v_shrink     layer=TypeA  -> verified=False (12.9s) L2=['pass', 'fail'] L3actual=['q_bbox_v'] L3missing=[] L3extras=[]
  [45/54] 108851_4d515b10_0006/neg_01  op=E2_extrude_deep          layer=TypeA  -> verified=False (12.84s) L2=['pass', 'fail'] L3actual=[] L3missing=['q_bbox_w'] L3extras=[]
  [46/54] 108851_4d515b10_0006/neg_02  op=E1_envelope_u            layer=TypeA  -> verified=False (16.08s) L2=['pass', 'fail'] L3actual=[] L3missing=['q_bbox_u'] L3extras=[]
  [47/54] 108851_4d515b10_0006/neg_03  op=E1_envelope_v_shrink     layer=TypeA  -> verified=False (14.63s) L2=['pass', 'fail'] L3actual=['q_bbox_v'] L3missing=[] L3extras=[]
  [48/54] 108851_4d515b10_0007/neg_03  op=E1_envelope_v_shrink     layer=TypeA  -> verified=True (14.68s) L2=['pass', 'pass'] L3actual=['q_bbox_v'] L3missing=[] L3extras=[]
  [49/54] 108851_4d515b10_0009/neg_01  op=E2_extrude_deep          layer=TypeA  -> verified=True (15.02s) L2=['pass', 'pass'] L3actual=['q_bbox_w'] L3missing=[] L3extras=[]
  [50/54] 108851_4d515b10_0009/neg_02  op=E1_envelope_u            layer=TypeA  -> verified=True (14.56s) L2=['pass', 'pass'] L3actual=['q_bbox_u'] L3missing=[] L3extras=[]
  [51/54] 108851_4d515b10_0009/neg_03  op=E1_envelope_v_shrink     layer=TypeA  -> verified=True (14.75s) L2=['pass', 'pass'] L3actual=['q_bbox_v'] L3missing=[] L3extras=[]
  [52/54] 108852_fed54702_0004/neg_01  op=E2_extrude_deep          layer=TypeA  -> verified=False (11.22s) L2=['pass', 'fail'] L3actual=[] L3missing=['q_bbox_w'] L3extras=[]
  [53/54] 108852_fed54702_0004/neg_02  op=E3_radius_up             layer=TypeA  -> verified=False (11.09s) L2=['pass', 'fail'] L3actual=['q_bbox_u', 'q_radius'] L3missing=[] L3extras=['q_radius']
  [54/54] 108852_fed54702_0004/neg_03  op=E4_void_add              layer=TypeA  -> verified=False (12.0s) L2=['pass', 'fail'] L3actual=['q_radius'] L3missing=[] L3extras=['q_radius']

============================================================
Done. 54 trials; verified=22; failed=32.
Pass per layer: {'TypeA': 22}  Fail per layer: {'TypeA': 32}
Manifest: D:\PythonProgramming\CAD Generation\Constraint-grounded agentic CAD generation\子课题1-Solver-Kernel双反馈闭环驱动的CAD生成质量提升研究\experiments\phase2b_triplets\_manifest.json
